<?xml version="1.0" encoding="utf-8"?><testsuites name="pytest tests"><testsuite name="pytest" errors="0" failures="0" skipped="0" tests="24" time="6.772" timestamp="2026-08-25T20:03:07.274698+02:00" hostname="DESKTOP-90S7T2D"><testcase classname="tests.test_grammar" name="test_corpus_envelope" time="0.242" /><testcase classname="tests.test_grammar" name="test_corpus_declarations" time="0.234" /><testcase classname="tests.test_grammar" name="test_corpus_members" time="0.242" /><testcase classname="tests.test_grammar" name="test_corpus_relations" time="0.240" /><testcase classname="tests.test_grammar" name="test_corpus_grouping" time="0.241" /><testcase classname="tests.test_grammar" name="test_corpus_comments" time="0.241" /><testcase classname="tests.test_grammar" name="test_corpus_frontier" time="0.245" /><testcase classname="tests.test_grammar" name="test_corpus_notes" time="0.237" /><testcase classname="tests.test_grammar" name="test_corpus_display" time="0.236" /><testcase classname="tests.test_grammar" name="test_corpus_separators" time="0.244" /><testcase classname="tests.test_grammar" name="test_corpus_names" time="0.244" /><testcase classname="tests.test_grammar" name="test_corpus_participants" time="0.254" /><testcase classname="tests.test_grammar" name="test_corpus_frames" time="0.248" /><testcase classname="tests.test_grammar" name="test_corpus_dividers" time="0.239" /><testcase classname="tests.test_grammar" name="test_corpus_cpp_members" time="0.240" /><testcase classname="tests.test_grammar" name="test_corpus_standard" time="0.246" /><testcase classname="tests.test_grammar" name="test_corpus_fallback" time="0.247" /><testcase classname="tests.test_grammar" name="test_corpus_seq_standard" time="0.242" /><testcase classname="tests.test_grammar" name="test_corpus_activity" time="0.246" /><testcase classname="tests.test_packaging" name="test_wheel_builds" time="1.443" /><testcase classname="tests.test_queries" name="test_queries_reference_known_nodes[folds.scm]" time="0.221" /><testcase classname="tests.test_queries" name="test_queries_reference_known_nodes[highlights.scm]" time="0.236" /><testcase classname="tests.test_queries" name="test_queries_reference_known_nodes[indents.scm]" time="0.229" /><testcase classname="tests.test_queries" name="test_all_editor_queries_ship" time="0.000" /></testsuite></testsuites>
